<?xml version="1.0" encoding="utf-8"?><testsuites><testsuite name="pytest" errors="0" failures="0" skipped="0" tests="10" time="37.760" timestamp="2024-08-09T10:33:11.563957" hostname="pc-test-otd04"><testcase classname="tests.test_user_page.TestPageUsers" name="test_header_goto_measurements[12345678-TestLanDoc@doc.doc]" time="4.986" /><testcase classname="tests.test_user_page.TestPageUsers" name="test_header_goto_meetings[12345678-TestLanDoc@doc.doc]" time="4.459" /><testcase classname="tests.test_user_page.TestPageUsers" name="test_button_role_doc[a[data-locator='/users']-12345678-TestLanDoc@doc.doc]" time="3.205" /><testcase classname="tests.test_user_page.TestPageUsers" name="test_button_role_doc[a[data-locator='/all-measurements']-12345678-TestLanDoc@doc.doc]" time="3.200" /><testcase classname="tests.test_user_page.TestPageUsers" name="test_button_role_doc[a[data-locator='/meetings']-12345678-TestLanDoc@doc.doc]" time="3.196" /><testcase classname="tests.test_user_page.TestPageUsers" name="test_button_role_doc[//button[@data-locator=&quot;addUser&quot;]-12345678-TestLanDoc@doc.doc]" time="3.201" /><testcase classname="tests.test_user_page.TestPageUsers" name="test_button_role_doc[//div[@class=&quot;NotificationDropdownHeader__sFmv&quot;]-12345678-TestLanDoc@doc.doc]" time="3.210" /><testcase classname="tests.test_user_page.TestPageUsers" name="test_button_role_adm[locator0-12345678-TestLanAdm@mail.ru]" time="4.143" /><testcase classname="tests.test_user_page.TestPageUsers" name="test_name_title_page[12345678-adm@adm.com]" time="4.056" /><testcase classname="tests.test_user_page.TestPageUsers" name="test_name_title_page[12345678-testdoc@doc.doc]" time="4.060" /></testsuite></testsuites>